Command: vcs -full64 -debug_acc+all -sverilog -l compile.log -f ./files.f -timescale=1ns/1ps \
+vc +v2k
                         Chronologic VCS (TM)
         Version T-2022.06_Full64 -- Thu Mar 12 02:34:49 2026

                    Copyright (c) 1991 - 2022 Synopsys, Inc.
   This software and the associated documentation are proprietary to Synopsys,
 Inc. This software may only be used in accordance with the terms and conditions
 of a written license agreement with Synopsys, Inc. All other use, reproduction,
   or distribution of this software is strictly prohibited.  Licensed Products
     communicate with Synopsys servers for the purpose of providing software
    updates, detecting software piracy and verifying that customers are using
    Licensed Products in conformity with the applicable License Key for such
  Licensed Products. Synopsys will use information gathered in connection with
    this process to deliver software updates and pursue software pirates and
                                   infringers.

 Inclusivity & Diversity - Visit SolvNetPlus to read the "Synopsys Statement on
            Inclusivity and Diversity" (Refer to article 000036315 at
                        https://solvnetplus.synopsys.com)

Parsing design file '../rtl/async_fifo_wrap.v'
Parsing design file '../rtl/dual_port_mem.v'
Parsing design file '../rtl/async_fifo_nomem.v'
Parsing design file '../rtl/ptr_counter.v'
Parsing design file '../rtl/syncer.v'
Parsing design file '../rtl/bin2gray.v'
Parsing design file '../rtl/gray2bin.v'
Parsing design file '../rtl/rd_empty.v'
Parsing design file '../rtl/wr_full.v'
Parsing design file '../tb/async_fifo_wrap_tb.sv'
Top Level Modules:
       async_fifo_wrap_tb
TimeScale is 1 ns / 1 ps
Starting vcs inline pass...

1 module and 0 UDP read.
recompiling module async_fifo_wrap_tb
make[1]: Entering directory `/home/jjt/target/frontend_homework/async_fifo/sim/csrc' \

rm -f _cuarc*.so _csrc*.so pre_vcsobj_*.so share_vcsobj_*.so
if [ -x ../simv ]; then chmod a-x ../simv; fi
g++  -o ../simv      -rdynamic  -Wl,-rpath='$ORIGIN'/simv.daidir -Wl,-rpath=./simv.daidir \
-Wl,-rpath=/home/jjt/install/synopsys/vcs/vcs/T-2022.06/linux64/lib -L/home/jjt/install/synopsys/vcs/vcs/T-2022.06/linux64/lib \
-Wl,-rpath-link=./  /usr/lib64/libnuma.so.1   objs/amcQw_d.o   _20468_archive_1.so \
SIM_l.o      rmapats_mop.o rmapats.o rmar.o rmar_nd.o  rmar_llvm_0_1.o rmar_llvm_0_0.o \
-lvirsim -lerrorinf -lsnpsmalloc -lvfs    -lvcsnew -lsimprofile -luclinative /home/jjt/install/synopsys/vcs/vcs/T-2022.06/linux64/lib/vcs_tls.o \
-Wl,-whole-archive  -lvcsucli    -Wl,-no-whole-archive        _vcs_pli_stub_.o   \
/home/jjt/install/synopsys/vcs/vcs/T-2022.06/linux64/lib/vcs_save_restore_new.o /home/jjt/install/synopsys/verdi/verdi/T-2022.06/share/PLI/VCS/LINUX64/pli.a \
-ldl  -lc -lm -lpthread -ldl 
../simv up to date
make[1]: Leaving directory `/home/jjt/target/frontend_homework/async_fifo/sim/csrc' \

CPU time: .212 seconds to compile + .164 seconds to elab + .115 seconds to link
