*design* DebussyLib (btIdent Verdi_T-2022.06)
Command arguments:
    +define+verilog
    -f files.f
        -f ./rtl.f
            ../rtl/async_fifo_wrap.v
            ../rtl/dual_port_mem.v
            ../rtl/async_fifo_nomem.v
            ../rtl/ptr_counter.v
            ../rtl/syncer.v
            ../rtl/bin2gray.v
            ../rtl/gray2bin.v
            ../rtl/rd_empty.v
            ../rtl/wr_full.v
        ../tb/async_fifo_wrap_tb.sv


*Error* nonconstant index
"../rtl/ptr_counter.v", 21: 

*Error* non-constant instance parameter
"../rtl/rd_empty.v", 5: 

*Error* non-constant instance parameter
"../rtl/wr_full.v", 4: 
Highest level modules:
async_fifo_wrap_tb

Total	3 error(s),   0 warning(s)
