################################################################################
#
# This file has been generated by SpyGlass:
#     Report Created by: jjt
#     Report Created on: Wed Mar 11 15:56:54 2026
#     Working Directory: /home/jjt/target/frontend_homework/async_fifo/sim
#     Report Location  : ../spyglass_lints/wr_full_lint/wr_full/lint/lint_rtl/spyglass_reports/SpyGlass/elab_summary.rpt
#     SpyGlass Version : SpyGlass_vT-2022.06-1
#     Policy Name      : SpyGlass(SpyGlass_vT-2022.06-1)
#     Comment          : This report contains RTL and Elaborated names along with parameter values
#
################################################################################

================================================================================
Elaborated Name: 'wr_full'
    (RTL Design Unit name: 'wr_full', ../rtl/wr_full.v:1)
     Parameters (Total: 3)
         FIFO_DEPTH            = 16 (default: 16)
         ALMOST_FULL_THRESHOLD = 15 (default: 15)
         PTR_WIDTH             = 5 (default: ($clog2(FIFO_DEPTH) + 1))
================================================================================
