################################################################################
#
# This file has been generated by SpyGlass:
#     Report Created by: jjt
#     Report Created on: Wed Mar 11 21:22:31 2026
#     Working Directory: /home/jjt/target/frontend_homework/async_fifo/sim
#     Report Location  : ../spyglass_lints/rd_empty_lint/rd_empty/lint/lint_rtl/spyglass_reports/SpyGlass/elab_summary.rpt
#     SpyGlass Version : SpyGlass_vT-2022.06-1
#     Policy Name      : SpyGlass(SpyGlass_vT-2022.06-1)
#     Comment          : This report contains RTL and Elaborated names along with parameter values
#
################################################################################

================================================================================
Elaborated Name: 'rd_empty'
    (RTL Design Unit name: 'rd_empty', ../rtl/rd_empty.v:2)
     Parameters (Total: 3)
         FIFO_DEPTH             = 16 (default: 16)
         ALMOST_EMPTY_THRESHOLD = 2 (default: 2)
         PTR_WIDTH              = 5 (default: ($clog2(FIFO_DEPTH) + 1))
================================================================================
