################################################################################
#
# This file has been generated by SpyGlass:
#     Report Created by: jjt
#     Report Created on: Wed Mar 11 22:10:43 2026
#     Working Directory: /home/jjt/target/frontend_homework/async_fifo/sim
#     Report Location  : ../spyglass_lints/async_fifo_wrap_lint/async_fifo_wrap/lint/lint_rtl/spyglass_reports/SpyGlass/checksum.rpt
#     SpyGlass Version : SpyGlass_vT-2022.06-1
#     Policy Name      : SpyGlass(SpyGlass_vT-2022.06-1)
#     Comment          : This report contains md5sum of design file(s)
#
################################################################################

=====================================================================================
                         MD5SUM CHECKSUM OF DESIGN FILES 
=====================================================================================
MD5SUM CHECKSUM                   SOURCE              PATH OF DESIGN FILE       
-------------------------------------------------------------------------------------
255f24d50d001c74a84ff2f43a11663e  1      /home/jjt/target/frontend_homework/async_fifo/rtl/async_fifo_wrap.v  
8d2ca828fee2bceaf0ebae9af043f25c  1      /home/jjt/target/frontend_homework/async_fifo/rtl/dual_port_mem.v  
25a5d02cb0d7076c6fc141d346bd1eb0  1      /home/jjt/target/frontend_homework/async_fifo/rtl/async_fifo_nomem.v  
54d11d10e17fea91ae3b3e144ad0012d  1      /home/jjt/target/frontend_homework/async_fifo/rtl/ptr_counter.v  
4865cf88bd734612e46cb9a8c6b87faa  1      /home/jjt/target/frontend_homework/async_fifo/rtl/syncer.v  
bf92b686cb47bd929ef67d3e94e7a997  1      /home/jjt/target/frontend_homework/async_fifo/rtl/bin2gray.v  
070c5b23492bbaa112532bb06f1456ff  1      /home/jjt/target/frontend_homework/async_fifo/rtl/gray2bin.v  
2f7bee405fd293dda41f170204e48fb7  1      /home/jjt/target/frontend_homework/async_fifo/rtl/rd_empty.v  
dec84c1d62342f8fd9c1d4c40345dd38  1      /home/jjt/target/frontend_homework/async_fifo/rtl/wr_full.v  
