################################################################################
#
# This file has been generated by SpyGlass:
#     Report Created by: jjt
#     Report Created on: Wed Mar 11 22:10:42 2026
#     Working Directory: /home/jjt/target/frontend_homework/async_fifo/sim
#     Report Location  : ../spyglass_lints/async_fifo_wrap_lint/async_fifo_wrap/lint/lint_rtl/spyglass_reports/SpyGlass/elab_summary.rpt
#     SpyGlass Version : SpyGlass_vT-2022.06-1
#     Policy Name      : SpyGlass(SpyGlass_vT-2022.06-1)
#     Comment          : This report contains RTL and Elaborated names along with parameter values
#
################################################################################

================================================================================
Elaborated Name: 'async_fifo_nomem'
    (RTL Design Unit name: 'async_fifo_nomem', ../rtl/async_fifo_nomem.v:1)
     Parameters (Total: 6)
         DATA_WIDTH             = 8 (default: 8)
         FIFO_DEPTH             = 16 (default: 16)
         ALMOST_FULL_THRESHOLD  = 15 (default: 15)
         ALMOST_EMPTY_THRESHOLD = 2 (default: 2)
         PTR_WIDTH              = 5 (default: ($clog2(FIFO_DEPTH) + 1))
         ADDR_WIDTH             = 4 (default: $clog2(FIFO_DEPTH))
     Instances (Total: 1): async_fifo_wrap.async_fifo_nomem_inst 

================================================================================

Elaborated Name: 'ptr_counter'
    (RTL Design Unit name: 'ptr_counter', ../rtl/ptr_counter.v:1)
     Parameters (Total: 1)
         FIFO_DEPTH = 16 (default: 16)
     Instances (Total: 2): async_fifo_wrap.async_fifo_nomem_inst.rd_ptr_inst, async_fifo_wrap.async_fifo_nomem_inst.wr_ptr_inst 

================================================================================

Elaborated Name: 'bin2gray'
    (RTL Design Unit name: 'bin2gray', ../rtl/bin2gray.v:1)
     Parameters (Total: 1)
         DATA_WIDTH = 5 (default: 8)
     Instances (Total: 2): async_fifo_wrap.async_fifo_nomem_inst.rd_b2g_inst, async_fifo_wrap.async_fifo_nomem_inst.wr_b2g_inst 

================================================================================

Elaborated Name: 'syncer'
    (RTL Design Unit name: 'syncer', ../rtl/syncer.v:1)
     Parameters (Total: 1)
         DATA_WIDTH = 5 (default: 8)
     Instances (Total: 4): async_fifo_wrap.async_fifo_nomem_inst.rd_ptr_gray_sync2g2b_inst, async_fifo_wrap.async_fifo_nomem_inst.rd_ptr_gray_dly_sync2wrfull_inst, async_fifo_wrap.async_fifo_nomem_inst.wr_ptr_gray_sync2g2b_inst, async_fifo_wrap.async_fifo_nomem_inst.wr_ptr_gray_dly_sync2rdempty_inst 

================================================================================

Elaborated Name: 'gray2bin'
    (RTL Design Unit name: 'gray2bin', ../rtl/gray2bin.v:13)
     Parameters (Total: 1)
         DATA_WIDTH = 5 (default: 8)
     Instances (Total: 2): async_fifo_wrap.async_fifo_nomem_inst.rd_sync_g2b_inst, async_fifo_wrap.async_fifo_nomem_inst.wr_sync_g2b_inst 

================================================================================

Elaborated Name: 'wr_full'
    (RTL Design Unit name: 'wr_full', ../rtl/wr_full.v:1)
     Parameters (Total: 3)
         FIFO_DEPTH            = 16 (default: 16)
         ALMOST_FULL_THRESHOLD = 15 (default: 15)
         PTR_WIDTH             = 5 (default: ($clog2(FIFO_DEPTH) + 1))
     Instances (Total: 1): async_fifo_wrap.async_fifo_nomem_inst.wr_full_inst 

================================================================================

Elaborated Name: 'rd_empty'
    (RTL Design Unit name: 'rd_empty', ../rtl/rd_empty.v:2)
     Parameters (Total: 3)
         FIFO_DEPTH             = 16 (default: 16)
         ALMOST_EMPTY_THRESHOLD = 2 (default: 2)
         PTR_WIDTH              = 5 (default: ($clog2(FIFO_DEPTH) + 1))
     Instances (Total: 1): async_fifo_wrap.async_fifo_nomem_inst.rd_empty_inst 

================================================================================

Elaborated Name: 'dual_port_mem'
    (RTL Design Unit name: 'dual_port_mem', ../rtl/dual_port_mem.v:1)
     Parameters (Total: 2)
         MEM_DEPTH  = 16 (default: 16)
         DATA_WIDTH = 8 (default: 8)
     Instances (Total: 1): async_fifo_wrap.pseudo_dual_port_mem_inst 

================================================================================

Elaborated Name: 'async_fifo_wrap'
    (RTL Design Unit name: 'async_fifo_wrap', ../rtl/async_fifo_wrap.v:13)
     Parameters (Total: 5)
         DATA_WIDTH             = 8 (default: 8)
         FIFO_DEPTH             = 16 (default: 16)
         ALMOST_FULL_THRESHOLD  = 15 (default: (FIFO_DEPTH - 1))
         ALMOST_EMPTY_THRESHOLD = 2 (default: 2)
         ADDR_WIDTH             = 4 (default: $clog2(FIFO_DEPTH))
================================================================================
