
################################################################################
#
# This file has been generated by SpyGlass:
#     Report Name      : moresimple
#     Report Created by: jjt
#     Report Created on:  Wed Mar 11 22:10:42 2026
#     Working Directory: /home/jjt/target/frontend_homework/async_fifo/sim
#     SpyGlass Version : SpyGlass_vT-2022.06-1
#     Policy Name      : SpyGlass(SpyGlass_vT-2022.06-1)
#                        clock-reset(SpyGlass_vT-2022.06-1)
#                        erc(SpyGlass_vT-2022.06-1)
#                        latch(SpyGlass_vT-2022.06-1)
#                        lint(SpyGlass_vT-2022.06-1)
#                        morelint(SpyGlass_vT-2022.06-1)
#                        openmore(SpyGlass_vT-2022.06-1)
#                        power_est(SpyGlass_vT-2022.06-1)
#                        simulation(SpyGlass_vT-2022.06-1)
#                        starc(SpyGlass_vT-2022.06-1)
#                        starc2005(SpyGlass_vT-2022.06-1)
#                        txv(SpyGlass_vT-2022.06-1)
#
#     Total Number of Generated Messages :          4
#     Number of Waived Messages          :          0
#     Number of Reported Messages        :          4
#     Number of Overlimit Messages       :          0
#
#
################################################################################

+++++++++++++++++++++++++++++++++++++++++++++++++++++++++++++++++++++++
MORESIMPLE REPORT:


############### BuiltIn -> RuleGroup=Design Read ###############
+++++++++++++++++++++++++++++++++++++++++++++++++++++++++++++++++++++++++++++++++++++++
ID       Rule                    Alias                   Severity    File                                                                                                               Line    Wt    Message
======================================================================================
[1]      DetectTopDesignUnits    DetectTopDesignUnits    Info        ../rtl/async_fifo_wrap.v                                                                                           13      2     Module async_fifo_wrap is a top level design unit
[0]      ElabSummary             ElabSummary             Info        ../spyglass_lints/async_fifo_wrap_lint/async_fifo_wrap/lint/lint_rtl/spyglass_reports/SpyGlass/elab_summary.rpt    0       2     Please refer file '../spyglass_lints/async_fifo_wrap_lint/async_fifo_wrap/lint/lint_rtl/spyglass_reports/SpyGlass/elab_summary.rpt' for elab summary report
+++++++++++++++++++++++++++++++++++++++++++++++++++++++++++++++++++++++++++++++++++++++


############### Non-BuiltIn -> Goal=lint/lint_rtl ###############
+++++++++++++++++++++++++++++++++++++++++++++++++++++++++++++++++++++++++++++++++++++++
ID       Rule     Alias    Severity    File                         Line    Wt    Message
======================================================================================
[2]      W287b             Warning     ../rtl/async_fifo_nomem.v    128     5     Instance output port 'bin' is not connected
[3]      W287b             Warning     ../rtl/async_fifo_nomem.v    158     5     Instance output port 'bin' is not connected
+++++++++++++++++++++++++++++++++++++++++++++++++++++++++++++++++++++++++++++++++++++++
